Cloning into 'repo'...
Using CPython 3.12.11
Creating virtual environment at: .venv
Installed 15 packages in 107ms
================================================================================
ALIGNMENT-SENSITIVE MINIMAX RATES — CORRECTED V4 CLAIM SUITE
================================================================================
paper=2509.20294v4
paper_sha256=b08fee1a408d90102be6af7f8193862aa198b9acbd1e5c40601da927c96e7cef
python=3.12.11 numpy=2.5.1
backend=CPU clean_room=true
claim_ledger_items=15
evidence_policy=proof claims are not reported as empirically proved
STAGE_START sequence theory
STAGE_END sequence theory passed=True
EVIDENCE P3.2={"constructed_esds": [[1, 1], [2, 2], [4, 4], [8, 8], [16, 16]], "failures": [], "passed": true, "random_cases": 240, "status": "validated"}
EVIDENCE P3.7={"generalized_inverse": true, "passed": true, "profile_dominance": true, "profile_monotone": true, "status": "validated", "tradeoff_dominance": true}
EVIDENCE T3.3={"passed": true, "proof_scope": "The asymptotic/uniform theorem is proof-audited; numerical evidence is a valid contained hypercube lower bound and PC upper bound.", "rows": [{"K": 2, "hypercube_contained": true, "lower": 0.35967960736838533, "lower_over_Ksigma2": 0.44959950921048164, "upper": 0.8, "upper_over_Ksigma2": 1.0}, {"K": 4, "hypercube_contained": true, "lower": 0.7193592147367707, "lower_over_Ksigma2": 0.44959950921048164, "upper": 1.6, "upper_over_Ksigma2": 1.0}, {"K": 8, "hypercube_contained": true, "lower": 1.4387184294735413, "lower_over_Ksigma2": 0.44959950921048164, "upper": 3.2, "upper_over_Ksigma2": 1.0}, {"K": 16, "hypercube_contained": true, "lower": 2.8774368589470827, "lower_over_Ksigma2": 0.44959950921048164, "upper": 6.4, "upper_over_Ksigma2": 1.0}], "status": "finite_case_validation_not_proof"}
STAGE_START quota sequence
STAGE_END quota sequence passed=True
EVIDENCE T4.3={"condition_4_1_checked": true, "passed": true, "quota": "floor(sqrt(n))", "rows": [{"K_n": 8, "lower": 0.09553989570722737, "lower_ratio": 0.44959950921048175, "n": 64, "target": 0.2125, "upper": 0.2125, "upper_ratio": 1.0}, {"K_n": 12, "lower": 0.06369326380481825, "lower_ratio": 0.4495995092104818, "n": 144, "target": 0.14166666666666666, "upper": 0.14166666666666666, "upper_ratio": 1.0}, {"K_n": 16, "lower": 0.04776994785361369, "lower_ratio": 0.44959950921048175, "n": 256, "target": 0.10625, "upper": 0.10625, "upper_ratio": 1.0}, {"K_n": 24, "lower": 0.03184663190240913, "lower_ratio": 0.4495995092104818, "n": 576, "target": 0.07083333333333333, "upper": 0.07083333333333333, "upper_ratio": 1.0}, {"K_n": 32, "lower": 0.023884973926806843, "lower_ratio": 0.44959950921048175, "n": 1024, "target": 0.053125, "upper": 0.053125, "upper_ratio": 1.0}, {"K_n": 48, "lower": 0.015923315951204563, "lower_ratio": 0.4495995092104818, "n": 2304, "target": 0.035416666666666666, "upper": 0.035416666666666666, "upper_ratio": 1.0}], "status": "finite_case_validation_not_proof"}
STAGE_START span profile / OP-GF
STAGE_END span profile / OP-GF passed=True
EVIDENCE T5.2={"audited_clauses": {"b0_and_t2_scalings_stated": true, "conclusion_is_weak_endpoint_esd_reduction": true, "endpoint_rank_and_margin_conditions": true, "fixed_depth_D_at_least_1": true, "large_sample_noise_sigma0_squared_over_n": true, "strong_coordinate_gap_condition": true, "strong_weak_signal_separation": true}, "passed": true, "scope": "Conditional endpoint theorem for fixed D>=1; a computation cannot prove its uniform high-probability statement.", "status": "proof_audited_not_numerically_proven"}
EVIDENCE F1={"actual_opgf_dynamics": true, "aligned_q1_stable": true, "all_misaligned_log_profiles_improve": true, "config": {"J": 15, "d": 5000, "gamma": 1.0, "n": 10000, "p": 2.5, "q": [1.0, 1.5, 2.0, 3.0], "step_size": 0.05, "times": [0, 20, 40, 60, 80]}, "disclosure": "The paper does not report random seed, signal amplitude C, optimizer step size, or stopping-time selection; this is a deterministic clean-room run with all choices recorded.", "esd_at_sigma2": {"1.0": [10, 10, 10, 10, 10], "1.5": [22, 20, 19, 19, 19], "2.0": [36, 33, 31, 27, 26], "3.0": [88, 60, 44, 33, 33]}, "figure": "figures/figure1_span_profiles.png", "final_fraction_not_above_initial": {"1.0": 0.99, "1.5": 0.58, "2.0": 0.65, "3.0": 0.95}, "log_profile_improvement": {"1.0": -0.0009531017980432477, "1.5": 0.012312448945816784, "2.0": 0.06006041217153951, "3.0": 0.43887086052765506}, "manual_eigenvalue_boost": false, "negative_control_q1_smaller_than_q3": true, "passed": true, "q3_improves_more_than_q1_5": true, "status": "clean_room_empirical_reproduction"}
STAGE_START depth experiment
DEPTH_AUDIT_CONFIG d=5000 n=10000 J=15 q=3 reps=20 seed=2509 paired=true dt=0.01 steps_D0=8000 steps_D1=24000 steps_D3=24000
DEPTH_RUN_START D=0 steps=8000
DEPTH_RUN_END D=0 final_esd_mean=36.250000 final_error_mean=0.00800203
DEPTH_RUN_START D=1 steps=24000
DEPTH_RUN_END D=1 final_esd_mean=34.900000 final_error_mean=0.01035007
DEPTH_RUN_START D=3 steps=24000
DEPTH_RUN_END D=3 final_esd_mean=33.900000 final_error_mean=0.01095733
STAGE_END depth experiment passed=True
EVIDENCE F2={"all_depths_decay": true, "claim_outcome": "verified", "config": {"J": 15, "b0": 1.0, "d": 5000, "depths": [0, 1, 3], "gamma": 1.0, "n": 10000, "note": "The paper specifies d, n, J, p, gamma, and 20 replications but not Figure 2 q, step size, b0, seed, or stopping rule. These clean-room choices match the independent full-scale protocol and are explicit.", "p": 2.5, "paired_noise_across_depths": true, "q": 3.0, "repetitions": 20, "seed": 2509, "step_size": 0.01, "steps": {"0": 8000, "1": 24000, "3": 24000}}, "endpoint_mean_esd": {"0": 36.25, "1": 34.9, "3": 33.9}, "figure": "figures/figure2_depth.png", "paired_endpoint_esd_differences": {"D1_minus_D0": {"ci95": [-2.08255, -0.6174500000000002], "contrast": "D1-D0", "mean": -1.35, "se": 0.35}, "D3_minus_D0": {"ci95": [-3.313629756578302, -1.386370243421698], "contrast": "D3-D0", "mean": -2.35, "se": 0.4604059993207368}, "D3_minus_D1": {"ci95": [-1.525996738032711, -0.4740032619672889], "contrast": "D3-D1", "mean": -1.0, "se": 0.25131234497501725}}, "passed": true, "predeclared_rule": "verify only if final mean ESD(D=0) > ESD(D=1) > ESD(D=3); otherwise falsify", "shallow_decreases_no_later_than_deep": true, "status": "paper_scale_paired_reproduction_complete", "strict_endpoint_order_observed": true, "summary": {"0": {"checkpoints": [0, 2000, 4000, 6000, 8000], "error_mean": [0.017232969629411676, 0.011104550326309474, 0.009691976686865219, 0.008105523689130183, 0.008002034152030942], "error_se": [0.0002689143257056334, 0.0003500312341152324, 0.00047965984616904283, 0.0005354442251871582, 0.0007181507839908395], "esd_mean": [88.0, 58.05, 48.5, 38.85, 36.25], "esd_se": [0.0, 2.201046401863871, 1.2926920095594878, 1.87402606284185, 1.8135092471431413], "final_error_each_replication": [0.006262046564753322, 0.0053162576444668415, 0.007089389080691059, 0.01348449169768877, 0.007262956527852302, 0.003831194925076699, 0.006992475089793949, 0.00867629198271297, 0.006348013418935661, 0.004806266376492328, 0.012478235255842822, 0.009072356190531506, 0.007321058982880759, 0.006411382723403916, 0.00443845420267138, 0.011166196196053772, 0.008805930392764472, 0.016508046890451385, 0.006657023527585866, 0.00711261536996904], "final_esd_each_replication": [33.0, 32.0, 37.0, 52.0, 41.0, 23.0, 33.0, 41.0, 33.0, 33.0, 52.0, 33.0, 33.0, 33.0, 25.0, 41.0, 34.0, 52.0, 33.0, 31.0], "first_esd_decrease_step": 2000, "times": [0.0, 20.0, 40.0, 60.0, 80.0]}, "1": {"checkpoints": [0, 2000, 4000, 6000, 8000, 12000, 18000, 24000], "error_mean": [0.017232969629411676, 0.011097671945642582, 0.009635437334460779, 0.00795438306655498, 0.008155954830197385, 0.009625854000762744, 0.010350069236618674, 0.010350069236618674], "error_se": [0.0002689143257056334, 0.00035027681501798686, 0.0005005919058804877, 0.0005158208580999035, 0.000754565751650807, 0.0012597445982356428, 0.001522028738809397, 0.001522028738809397], "esd_mean": [88.0, 57.85, 47.8, 38.35, 35.9, 34.7, 34.9, 34.9], "esd_se": [0.0, 2.1972171394504314, 1.4078726018919092, 1.9198067336940048, 1.8409093862602397, 1.7978056800327153, 1.8636410316197811, 1.8636410316197811], "final_error_each_replication": [0.004729169564500616, 0.004718639032738804, 0.008348705781327152, 0.02168947333304187, 0.008159481706545154, 0.003570279288631035, 0.010074734188811232, 0.013625159802064853, 0.0064806129948802695, 0.006374065184408858, 0.024470414638888438, 0.007811862144236458, 0.008556836013033793, 0.006036900823618457, 0.004382023636865307, 0.015405916743383692, 0.008666971935910704, 0.027202275353398336, 0.006300656734456625, 0.010397205831631827], "final_esd_each_replication": [32.0, 29.0, 33.0, 50.0, 36.0, 22.0, 33.0, 41.0, 32.0, 32.0, 52.0, 30.0, 33.0, 30.0, 24.0, 41.0, 33.0, 52.0, 31.0, 32.0], "first_esd_decrease_step": 2000, "times": [0.0, 20.0, 40.0, 60.0, 80.0, 120.0, 180.0, 240.0]}, "3": {"checkpoints": [0, 2000, 4000, 6000, 8000, 12000, 18000, 24000], "error_mean": [0.017232969629411676, 0.010992891758500111, 0.009436399644827476, 0.007905018579445627, 0.007915646202037784, 0.010184694682541708, 0.01095698247530792, 0.01095732927688237], "error_se": [0.0002689143257056334, 0.00031266228442576805, 0.000588483247123741, 0.0005731305725650554, 0.0007656378262290719, 0.0013824594997929077, 0.0016082342824373988, 0.0016084289923325782], "esd_mean": [88.0, 56.7, 45.35, 36.5, 34.35, 33.75, 33.9, 33.9], "esd_se": [0.0, 1.9481435157335651, 1.8256577761972461, 1.9146251522645916, 1.9497300757851208, 1.803322956159136, 1.8664630214730522, 1.8664630214730522], "final_error_each_replication": [0.004615093636974915, 0.004659019085789852, 0.009525055135215368, 0.02133802670400342, 0.008158678834291735, 0.0038309895117072668, 0.012145498363717918, 0.014210752830990747, 0.006445744350480787, 0.006168790106355026, 0.026169086249866275, 0.00767517462322614, 0.010834287820311494, 0.006247086717774007, 0.004365769820496694, 0.018223750255711702, 0.009930364614633558, 0.0281174191442025, 0.006169854171270645, 0.010316143560627345], "final_esd_each_replication": [30.0, 27.0, 33.0, 46.0, 35.0, 22.0, 33.0, 39.0, 31.0, 30.0, 52.0, 29.0, 33.0, 30.0, 22.0, 41.0, 33.0, 52.0, 29.0, 31.0], "first_esd_decrease_step": 2000, "times": [0.0, 20.0, 40.0, 60.0, 80.0, 120.0, 180.0, 240.0]}}}
STAGE_START fixed-design linear
STAGE_END fixed-design linear passed=True
EVIDENCE PB.2-TB.3-F3={"cases": {"1": {"analytic_risk": [0.3012368516524399, 0.30273552302591344, 0.3029805359784715, 0.3036866552370654, 0.30506428318111106, 0.30528577548571356, 0.30787263467704246, 0.3152780789248315, 0.32316995155207473, 0.3402084314327281, 0.3688588459394698, 0.42276709505514243, 0.49821471937626394], "esd": [55, 55, 55, 56, 56, 57, 57, 59, 62, 68, 70, 78, 84], "mc_risk": [0.29844556688356316, 0.31231424554413995, 0.30582062025428836, 0.3022225647879731, 0.3036743878209568, 0.29973180192474186, 0.3107241101181918, 0.3128811905939405, 0.31240613029826025, 0.3390540760004782, 0.38386799503132474, 0.41494897706670136, 0.49987664058867115]}, "2": {"analytic_risk": [0.8592712898823198, 0.8976367412449503, 0.9254079638876994, 0.9542250626179064, 0.9752770689121981, 0.9982569801658511, 0.9987121415668117, 0.9988365392888238, 0.9987158641612456, 0.9984633148443782, 0.9981542414082707, 0.9978371125458144, 0.9975500680509077], "esd": [150, 179, 196, 219, 231, 243, 251, 253, 257, 259, 263, 263, 262], "mc_risk": [0.8690924061430192, 0.9043820039247134, 0.9259141307652079, 0.9506718053450758, 0.969356574843159, 0.9751232751374049, 0.9949169974392571, 0.9880740267669804, 0.9967902203084194, 0.9805416070309032, 1.000755044869424, 0.9996683177159369, 1.0050578550751061]}}, "config": {"alphas": [0.0, 0.6666666666666666, 1.3333333333333333, 2.0, 2.6666666666666665, 3.333333333333333, 4.0, 4.666666666666666, 5.333333333333333, 6.0, 6.666666666666666, 7.333333333333333, 8.0], "n": 300, "p": 400}, "esd_risk_correlations": [0.9682932763310284, 0.9863656616531874], "figure": "figures/figure3_linear.png", "passed": true, "pcr_sandwich_all_points": true, "status": "actual_fixed_design_experiment_and_reduction_audit"}
STAGE_START RKHS/KPCPE
STAGE_END RKHS/KPCPE passed=True
EVIDENCE PC.4-TC.7-C.8-F4={"alphas": [0.0, 2.0, 4.0, 6.0, 8.0, 10.0, 12.0, 14.0, 16.0, 18.0, 20.0, 22.0, 24.0, 26.0, 28.0, 30.0], "bounded_target_supnorm": 1.5306361950668101, "config": {"J": 800, "changed_eigenvalues": 80, "n": 400, "repetitions": 10}, "effective_noise": 0.008357117904121504, "esd": [1, 1, 1, 21, 40, 51, 57, 62, 65, 68, 70, 71, 73, 74, 74, 75], "esd_risk_correlation": 0.9987117354593721, "figure": "figures/figure4_rkhs.png", "lower": [0.0, 0.0, 0.0, 0.05, 0.0975, 0.125, 0.14, 0.1525, 0.16, 0.1675, 0.1725, 0.175, 0.18, 0.1825, 0.1825, 0.185], "passed": true, "risk_mean": [0.006950948416628214, 0.006950948416628214, 0.006950948416628214, 0.09817042473302041, 0.18632890379545783, 0.25098656637122624, 0.29046746210509383, 0.32230175370725334, 0.3421418691885231, 0.35486054262833966, 0.3654674283272029, 0.3694886308991433, 0.3846764729418478, 0.38923447220711543, 0.38923447220711543, 0.39445299313611365], "risk_se": [0.0009316078319236856, 0.0009316078319236856, 0.0009316078319236856, 0.01294668614790882, 0.016576286418193923, 0.023716465874954254, 0.027118442586447692, 0.028072454731137557, 0.028054289208712002, 0.028784058069996767, 0.029309780812043135, 0.029240241858889807, 0.03175293653285687, 0.031214667260589073, 0.031214667260589073, 0.031821678050057235], "risk_within_bounds_3se": true, "status": "actual_random_design_experiment_and_assumption_audit", "upper": [0.016714235808243008, 0.016714235808243008, 0.016714235808243008, 0.35099895197310316, 0.6685694323297203, 0.8524260262203934, 0.9527114410698515, 1.0362826201110664, 1.0864253275357956, 1.1365680349605245, 1.1699965065770106, 1.1867107423852536, 1.2201392140017395, 1.2368534498099826, 1.2368534498099826, 1.2535676856182256]}
STAGE_START pathwise learned kernel
STAGE_END pathwise learned kernel passed=True
EVIDENCE D1-D2-F5={"aligned_esd": 8, "config": {"cpu_reproduction": {"depth": 4, "epochs": 400, "n": 256, "p": 64}, "disclosure": "Scale reduced for CPU; verifies the mechanism, not exact Figure 5 numerical values.", "paper": {"depth": 4, "epochs": 500, "n": 1000, "p": 900}}, "figure": "figures/figure5_pathwise.png", "misaligned_esd": 16, "passed": true, "pathwise_decrease": true, "pathwise_esd": [21, 17, 3, 1, 1, 1, 1], "pathwise_risk": [1.4807293117948004, 0.899555408873051, 0.1194254870025889, 0.004090822773617792, 0.0029611161400491873, 0.0029572330518436805, 0.002957246404843128], "same_eigenvalue_multiset": true, "status": "constructive_control_and_scale_reduced_empirical_reproduction"}
STAGE_START ridge saturation
STAGE_END ridge saturation passed=True
EVIDENCE I.6={"assumption_i2_cr": 0.26748547667577116, "bias_lower_bound": true, "esd": 7, "minimum_grid_ridge_risk": 0.000151253334982595, "passed": true, "ridge_saturating_dimension": 27, "ridge_theorem_lower_bound": true, "status": "direct_bound_validation_under_assumption_I.2", "theorem_floor": 1.35e-05, "variance_lower_bound": true}

================================================================================
CLAIM EVIDENCE SUMMARY
================================================================================
[PASS] P3.2: validated
[PASS] P3.7: validated
[PASS] T3.3: finite_case_validation_not_proof
[PASS] T4.3: finite_case_validation_not_proof
[PASS] T5.2: proof_audited_not_numerically_proven
[PASS] F1: clean_room_empirical_reproduction
[PASS] F2: paper_scale_paired_reproduction_complete
[PASS] PB.2-TB.3-F3: actual_fixed_design_experiment_and_reduction_audit
[PASS] PC.4-TC.7-C.8-F4: actual_random_design_experiment_and_assumption_audit
[PASS] D1-D2-F5: constructive_control_and_scale_reduced_empirical_reproduction
[PASS] I.6: direct_bound_validation_under_assumption_I.2
SUMMARY passed=11 total=11
OUTPUT verdict=/Users/dineshjinjala/Documents/AllCode/ICMLPapers/OpenSearch/local-runs/4a067f01-3c6a-4f55-a8c1-8388cb364dc3/repo/outputs/v4/verdict_v4.json
OUTPUT matrix=/Users/dineshjinjala/Documents/AllCode/ICMLPapers/OpenSearch/local-runs/4a067f01-3c6a-4f55-a8c1-8388cb364dc3/repo/outputs/v4/claim_matrix.csv
OUTPUT figures=/Users/dineshjinjala/Documents/AllCode/ICMLPapers/OpenSearch/local-runs/4a067f01-3c6a-4f55-a8c1-8388cb364dc3/repo/outputs/v4/figures
PUBLICATION_GATE=PASS
